// Jest Snapshot v1, https://goo.gl/fbAQLP

exports[`Pruebas en <NutrialusTestApp />  Debe de mostrar <NutrialusTestApp /> correctamente  1`] = `
<Fragment>
  <h2
    className="animate__animated animate__backInDown"
  >
    Nutrialus Test App
  </h2>
  <hr />
  <PatientCard />
</Fragment>
`;
